// Jest Snapshot v1, https://goo.gl/fbAQLP

exports[`Router should match a snapshot 1`] = `
Object {
  "asFragment": [Function],
  "baseElement": <body>
    <div>
      <mock-styled-main>
        <mock-styled-nav>
          <mock-styled-a>
            <mock-styled-span
              style="font-size: 2.5rem;"
            >
              <svg
                fill="none"
                height="1em"
                viewBox="0 0 40 40"
                width="1em"
                xmlns="http://www.w3.org/2000/svg"
              >
                <path
                  d="M3 16.8L20 0L37 16.8V40H3V16.8Z"
                  fill="#31448F"
                />
                <path
                  d="M3 16.8L20 0L37 16.8V30L3 16.8Z"
                  fill="#7BC9EB"
                />
                <path
                  d="M37 40H27.0488L12.9512 6.96585L20 0L37 16.8V40Z"
                  fill="#0061A8"
                />
                <path
                  d="M37 16.8V30L20 23.4829L12.9512 6.96585L20 0L37 16.8Z"
                  fill="#23A4DE"
                />
              </svg>
            </mock-styled-span>
            <mock-styled-span
              style="font-size: 2rem;"
            >
              <svg
                fill="none"
                height="1em"
                viewBox="0 0 32 32"
                width="1em"
                xmlns="http://www.w3.org/2000/svg"
              >
                <rect
                  fill="#23A4DE"
                  height="32"
                  rx="4"
                  width="32"
                />
                <line
                  stroke="white"
                  stroke-width="1.5"
                  x1="10"
                  x2="22"
                  y1="12.25"
                  y2="12.25"
                />
                <line
                  stroke="white"
                  stroke-width="1.5"
                  x1="10"
                  x2="22"
                  y1="20.25"
                  y2="20.25"
                />
                <line
                  stroke="white"
                  stroke-width="1.5"
                  x1="10"
                  x2="22"
                  y1="16.25"
                  y2="16.25"
                />
              </svg>
            </mock-styled-span>
          </mock-styled-a>
          <mock-styled-a>
            <mock-styled-span>
              <svg
                fill="none"
                height="1em"
                viewBox="0 0 40 40"
                width="1em"
                xmlns="http://www.w3.org/2000/svg"
              >
                <path
                  d="M31.5375 16.2002L27.7039 12.3665V7.93803C27.7039 7.1373 27.055 6.48836 26.2531 6.48836C25.453 6.48836 24.8041 7.1373 24.8041 7.93803V9.46685L21.9497 6.61229C20.5384 5.20178 18.0847 5.20428 16.6766 6.61484L7.09105 16.2002C6.52519 16.7672 6.52519 17.6846 7.09105 18.2507C7.65716 18.8175 8.57636 18.8175 9.14227 18.2507L18.7269 8.66509C19.0391 8.35449 19.5895 8.35449 19.9001 8.66417L29.4864 18.2507C29.7706 18.5341 30.1412 18.6751 30.5117 18.6751C30.883 18.6751 31.2542 18.534 31.5376 18.2507C32.1036 17.6846 32.1036 16.7672 31.5375 16.2002Z"
                  fill="white"
                />
                <path
                  d="M19.8179 11.417C19.5394 11.1387 19.0885 11.1387 18.8108 11.417L10.3794 19.846C10.2462 19.979 10.1708 20.1607 10.1708 20.3503V26.4981C10.1708 27.9407 11.3405 29.1104 12.7831 29.1104H16.9575V22.6456H21.6704V29.1104H25.8448C27.2874 29.1104 28.4571 27.9407 28.4571 26.4981V20.3503C28.4571 20.1607 28.3823 19.979 28.2485 19.846L19.8179 11.417Z"
                  fill="white"
                />
                <path
                  d="M32.9524 31.5684L28.8021 27.4162L31.83 25.6663C32.0073 25.5637 32.1106 25.3689 32.0958 25.1645C32.081 24.9601 31.9508 24.7821 31.7606 24.7063L18.9691 19.6031C18.7704 19.5238 18.5439 19.5704 18.3926 19.7216C18.2414 19.8727 18.1948 20.0994 18.274 20.2979L23.3748 33.0952C23.4507 33.2856 23.6286 33.4159 23.8331 33.4306C24.0375 33.4457 24.2325 33.3422 24.3349 33.1647L26.0836 30.1362L30.2337 34.2879C30.334 34.3883 30.4701 34.4446 30.612 34.4446C30.7539 34.4446 30.89 34.3882 30.9904 34.2879L32.9524 32.3246C33.1612 32.1158 33.1612 31.7772 32.9524 31.5684Z"
                  fill="#23A4DE"
                />
              </svg>
            </mock-styled-span>
            Home
          </mock-styled-a>
          <mock-styled-a>
            <mock-styled-span>
              <svg
                fill="none"
                height="1em"
                viewBox="0 0 40 40"
                width="1em"
                xmlns="http://www.w3.org/2000/svg"
              >
                <path
                  d="M28.5686 10.8008C28.2875 9.67542 27.6592 8.65479 26.769 7.89029C25.749 7.01445 24.4479 6.53215 23.105 6.53215C22.0976 6.53215 21.1326 6.79194 20.2809 7.28828C19.3789 6.4634 18.1962 6 16.9535 6C14.288 6 12.1094 8.12485 12.0224 10.7695C11.1009 11.0271 10.2666 11.5514 9.62878 12.2827C8.84534 13.1811 8.41382 14.3317 8.41382 15.5223C8.41382 18.2428 10.6271 20.456 13.3475 20.456H27.1353C29.8558 20.456 32.069 18.2428 32.069 15.5223C32.069 13.3411 30.6223 11.4249 28.5686 10.8008Z"
                  fill="white"
                />
                <path
                  d="M14.8047 23.3188V26.3285H11.9009C11.5429 25.0676 10.3819 24.1411 9.00781 24.1411C7.3493 24.1411 6 25.4904 6 27.1489C6 28.8074 7.3493 30.1567 9.00781 30.1567C10.382 30.1567 11.543 29.2301 11.9011 27.9691H15.625C16.0778 27.9691 16.4453 27.6021 16.4453 27.1488V23.3188H14.8047Z"
                  fill="#23A4DE"
                />
                <path
                  d="M20.8203 28.0841V21.8708H19.1797V28.0841C17.9188 28.4422 16.9922 29.6032 16.9922 30.9773C16.9922 32.6358 18.3415 33.9851 20 33.9851C21.6585 33.9851 23.0078 32.6358 23.0078 30.9773C23.0078 29.6032 22.0812 28.4422 20.8203 28.0841Z"
                  fill="#23A4DE"
                />
                <path
                  d="M30.9922 24.1411C29.6181 24.1411 28.4571 25.0676 28.0991 26.3285H25.1953V23.3188H23.5547V27.1488C23.5547 27.6021 23.9222 27.9691 24.375 27.9691H28.0989C28.457 29.2301 29.618 30.1567 30.9922 30.1567C32.6507 30.1567 34 28.8074 34 27.1489C34 25.4904 32.6507 24.1411 30.9922 24.1411Z"
                  fill="#23A4DE"
                />
              </svg>
            </mock-styled-span>
            Data
          </mock-styled-a>
          <mock-styled-a>
            <mock-styled-span>
              <svg
                fill="none"
                height="40"
                viewBox="0 0 40 40"
                width="40"
                xmlns="http://www.w3.org/2000/svg"
              >
                <path
                  d="M15.494 32.1284C17.2272 30.3952 17.0365 27.3998 15.0577 25.4692C13.1073 23.5664 10.1259 23.4401 8.44468 25.1864C7.5629 26.1024 7.2028 27.354 7.34433 28.6127C7.34345 28.6048 7.34208 28.5969 7.34126 28.589C7.34472 29.6933 7.79881 29.913 7.00202 30.7098C6.76561 30.9462 6.50581 31.1467 6.22845 31.3117C6.04585 31.4203 6.03261 31.6845 6.19963 31.8531C6.215 31.8686 6.23048 31.8841 6.24602 31.8995C8.88192 34.5169 12.9165 34.7051 15.2533 32.3688C15.4099 32.2124 15.3292 32.2932 15.494 32.1284Z"
                  fill="#23A4DE"
                />
                <path
                  d="M33.0537 6.86381C31.9789 5.78894 30.2631 5.70713 29.0909 6.67489L17.358 16.361C16.2007 17.3164 15.2479 18.4955 14.5568 19.8277L12.6788 23.4476L16.4699 27.2387L20.0898 25.3607C21.422 24.6696 22.6011 23.7168 23.5566 22.5595L33.2426 10.8266C34.2103 9.65442 34.1285 7.93868 33.0537 6.86381Z"
                  fill="white"
                />
                <path
                  d="M13.3016 21.0508L12.4945 22.7529C12.2774 23.2109 12.3717 23.7559 12.7301 24.1143L15.8031 27.1874C16.1615 27.5458 16.7066 27.6401 17.1645 27.423L18.8667 26.6159C19.2884 26.4159 19.3849 25.8585 19.0548 25.5285L14.389 20.8626C14.059 20.5326 13.5016 20.6291 13.3016 21.0508Z"
                  fill="#23A4DE"
                />
                <path
                  d="M15.3899 12.9249C17.0792 12.9249 18.4487 11.5554 18.4487 9.86599C18.4487 8.17663 17.0792 6.80713 15.3899 6.80713C13.7005 6.80713 12.331 8.17663 12.331 9.86599C12.331 11.5554 13.7005 12.9249 15.3899 12.9249Z"
                  fill="white"
                />
                <path
                  d="M10.1077 19.4749C11.3621 19.4749 12.379 18.458 12.379 17.2036C12.379 15.9492 11.3621 14.9324 10.1077 14.9324C8.85336 14.9324 7.83649 15.9492 7.83649 17.2036C7.83649 18.458 8.85336 19.4749 10.1077 19.4749Z"
                  fill="white"
                />
                <path
                  d="M28.4021 22.4409C26.0929 22.4465 24.1674 24.0837 23.7165 26.2606C23.6377 26.6411 23.3598 26.951 22.9924 27.0777C21.7908 27.4922 20.9283 28.6339 20.9317 29.9772C20.936 31.6384 22.295 33.0096 23.9562 33.0278C24.8019 33.0371 25.5694 32.7029 26.1283 32.1563C26.4048 31.8859 26.8049 31.7764 27.1786 31.8757C27.5728 31.9805 27.9869 32.0363 28.414 32.0363C31.0637 32.0363 33.2117 29.8883 33.2117 27.2387C33.2118 24.5868 31.054 22.4345 28.4021 22.4409Z"
                  fill="#23A4DE"
                />
              </svg>
            </mock-styled-span>
            UI
          </mock-styled-a>
          <mock-styled-div>
            <mock-styled-a>
              <span>
                Table
              </span>
            </mock-styled-a>
            <mock-styled-a>
              <span>
                List
              </span>
            </mock-styled-a>
            <mock-styled-a>
              <span>
                Form
              </span>
            </mock-styled-a>
          </mock-styled-div>
          <mock-styled-a>
            <mock-styled-span>
              <svg
                fill="none"
                height="1em"
                viewBox="0 0 40 40"
                width="1em"
                xmlns="http://www.w3.org/2000/svg"
              >
                <rect
                  fill="white"
                  height="27"
                  width="15"
                  x="13.2"
                  y="7"
                />
                <path
                  d="M23.3583 8.41675H20.4583C20.0577 8.41675 19.7333 8.74107 19.7333 9.14175C19.7333 9.54242 20.0577 9.86675 20.4583 9.86675H23.3583C23.759 9.86675 24.0833 9.54242 24.0833 9.14175C24.0833 8.74107 23.759 8.41675 23.3583 8.41675Z"
                  fill="#23A4DE"
                />
                <path
                  d="M26.5 6H14.9C13.3011 6 12 7.30115 12 8.9V32.1C12 33.6989 13.3011 35 14.9 35H26.5C28.0989 35 29.4 33.6989 29.4 32.1V8.9C29.4 7.30115 28.0989 6 26.5 6ZM27.95 32.1C27.95 32.9009 27.3009 33.55 26.5 33.55H14.9C14.0991 33.55 13.45 32.9009 13.45 32.1V8.9C13.45 8.0991 14.0991 7.45 14.9 7.45H26.5C27.3009 7.45 27.95 8.0991 27.95 8.9V32.1Z"
                  fill="white"
                />
                <path
                  d="M20.7 32.5834C21.5008 32.5834 22.15 31.9342 22.15 31.1334C22.15 30.3325 21.5008 29.6833 20.7 29.6833C19.8992 29.6833 19.25 30.3325 19.25 31.1334C19.25 31.9342 19.8992 32.5834 20.7 32.5834Z"
                  fill="#23A4DE"
                />
                <path
                  d="M18.0417 9.86675C18.4421 9.86675 18.7667 9.54215 18.7667 9.14175C18.7667 8.74134 18.4421 8.41675 18.0417 8.41675C17.6413 8.41675 17.3167 8.74134 17.3167 9.14175C17.3167 9.54215 17.6413 9.86675 18.0417 9.86675Z"
                  fill="#23A4DE"
                />
                <path
                  d="M34.6411 17.5394C34.4178 16.1104 33.179 15.0137 31.6883 15.0137C31.1275 15.0137 30.5886 15.1688 30.1212 15.4582C29.4101 14.2632 28.13 13.5195 26.7078 13.5195C24.5109 13.5195 22.7234 15.307 22.7234 17.5039C22.7234 17.5175 22.7234 17.5316 22.7239 17.5452C21.312 17.7831 20.2 19.0141 20.2 20.4922C20.2 22.14 21.5737 23.4805 23.2215 23.4805H34.1785C35.8264 23.4805 37.2 22.14 37.2 20.4922C37.2 19.0015 36.07 17.7627 34.6411 17.5394Z"
                  fill="#23A4DE"
                />
              </svg>
            </mock-styled-span>
            Apps
          </mock-styled-a>
          <mock-styled-a>
            <mock-styled-span>
              <svg
                fill="none"
                height="1em"
                viewBox="0 0 40 40"
                width="1em"
                xmlns="http://www.w3.org/2000/svg"
              >
                <path
                  d="M8.93787 20.9462H23.5727C24.3715 20.9462 25.019 20.2986 25.019 19.4999C25.019 18.7012 24.3715 18.0536 23.5727 18.0536H8.93787L10.8078 16.1838C11.3726 15.6191 11.3726 14.7033 10.8078 14.1385C10.2432 13.5736 9.3274 13.5736 8.76249 14.1385L4.42395 18.477C4.3904 18.5105 4.35877 18.5455 4.32869 18.5821C4.32136 18.5911 4.3151 18.6007 4.30796 18.6099C4.28588 18.6379 4.26419 18.6661 4.24432 18.6958C4.23854 18.7044 4.23381 18.7136 4.22813 18.7224C4.20826 18.7534 4.18879 18.7848 4.17124 18.8174C4.16786 18.8239 4.16507 18.8308 4.16169 18.8372C4.14347 18.8726 4.12592 18.9085 4.11059 18.9455C4.10866 18.95 4.10731 18.9548 4.10548 18.9595C4.08977 18.9984 4.07521 19.0379 4.06286 19.0785C4.06123 19.0836 4.06036 19.0889 4.05891 19.0941C4.04724 19.1339 4.03654 19.1741 4.02835 19.2153C4.02594 19.2275 4.02488 19.2401 4.02266 19.2525C4.01668 19.2866 4.0107 19.3208 4.00733 19.3556C4.00241 19.4033 4 19.4515 4 19.4999C4 19.5483 4.00241 19.5965 4.00733 19.6443C4.0107 19.6796 4.01687 19.714 4.02275 19.7485C4.02488 19.7604 4.02594 19.7727 4.02835 19.7845C4.03664 19.8261 4.04724 19.8667 4.05901 19.9069C4.06045 19.9116 4.06132 19.9166 4.06277 19.9213C4.07521 19.9621 4.08977 20.0019 4.10567 20.0413C4.10741 20.0455 4.10866 20.0501 4.1105 20.0543C4.12592 20.0916 4.14357 20.1277 4.16198 20.1633C4.16516 20.1695 4.16786 20.1761 4.17114 20.1823C4.18888 20.2152 4.20846 20.2468 4.22861 20.2782C4.23401 20.2867 4.23864 20.2956 4.24423 20.3039C4.26419 20.3337 4.28607 20.3621 4.30806 20.3902C4.3151 20.3993 4.32136 20.4088 4.32859 20.4177C4.35877 20.4542 4.3904 20.4893 4.42385 20.5228L8.76239 24.8613C9.0448 25.1438 9.41495 25.285 9.7851 25.285C10.1552 25.285 10.5254 25.1438 10.8077 24.8613C11.3725 24.2965 11.3725 23.3808 10.8077 22.816L8.93787 20.9462Z"
                  fill="#23A4DE"
                />
                <path
                  d="M23.0147 7C18.7424 7 15.3636 9.27272 13.5179 12.5351C13.0358 13.2355 12.9049 14.2591 13.4244 15.0177C14.2888 16.28 15.8979 16.1383 16.2939 16.1383C19.9152 16.1383 18.246 16.1383 21.8669 16.1383C25.4878 16.1383 26.6356 17.8192 26.6356 19.5001C26.6356 21.181 25.4878 22.8619 21.8669 22.8619C18.6484 22.8619 19.3282 22.8619 16.2939 22.8619C15.3109 22.8619 14.5722 23.4222 13.9983 23.9825C13.4244 24.5428 13.1859 25.7499 13.5352 26.4899C14.7954 29.159 18.7549 31.9999 23.0147 31.9999C30.0745 31.9999 35.8181 26.3925 35.8181 19.4999C35.8181 12.6074 30.0745 7 23.0147 7Z"
                  fill="white"
                />
              </svg>
            </mock-styled-span>
            Logout
          </mock-styled-a>
        </mock-styled-nav>
        <mock-styled-section>
          <mock-styled-h1>
            Welcome To Reapit Foundations
          </mock-styled-h1>
          <mock-styled-div>
            <div
              class="el-pn-icon"
              data-testid="close-icon"
            >
              <mock-styled-span>
                <svg
                  fill="none"
                  height="1em"
                  viewBox="0 0 20 20"
                  width="1em"
                  xmlns="http://www.w3.org/2000/svg"
                >
                  <path
                    d="M9.99958 0C4.47746 0 0 4.47746 0 9.99958C0 15.5217 4.47746 20 9.99958 20C15.5217 20 20 15.5217 20 9.99958C20 4.47746 15.5217 0 9.99958 0ZM12.0813 15.498C11.5666 15.7012 11.1568 15.8552 10.8495 15.9619C10.5431 16.0686 10.1867 16.1219 9.78116 16.1219C9.1581 16.1219 8.67302 15.9695 8.32762 15.6656C7.98222 15.3617 7.81037 14.9765 7.81037 14.5084C7.81037 14.3263 7.82307 14.1401 7.84847 13.9505C7.87471 13.7608 7.91619 13.5475 7.97291 13.3079L8.61714 11.0324C8.67386 10.814 8.72296 10.6066 8.7619 10.4135C8.80085 10.2188 8.81947 10.0402 8.81947 9.87767C8.81947 9.58815 8.75937 9.38497 8.64 9.27069C8.51894 9.1564 8.29122 9.10053 7.95175 9.10053C7.78582 9.10053 7.61481 9.12508 7.43958 9.17672C7.26603 9.23005 7.11534 9.27831 6.99175 9.32571L7.1619 8.62476C7.58349 8.45291 7.9873 8.30561 8.37249 8.1837C8.75767 8.06011 9.12169 7.99915 9.46455 7.99915C10.0834 7.99915 10.5608 8.14984 10.8969 8.44783C11.2313 8.74667 11.3998 9.13524 11.3998 9.6127C11.3998 9.71175 11.3879 9.88614 11.3651 10.135C11.3422 10.3848 11.299 10.6125 11.2364 10.8216L10.5956 13.0904C10.5431 13.2724 10.4965 13.4806 10.4542 13.7134C10.4127 13.9462 10.3924 14.124 10.3924 14.2434C10.3924 14.5448 10.4593 14.7505 10.5947 14.8597C10.7285 14.9689 10.963 15.0239 11.2948 15.0239C11.4514 15.0239 11.6267 14.996 11.8248 14.9418C12.0212 14.8876 12.1634 14.8394 12.2531 14.7979L12.0813 15.498ZM11.9678 6.2891C11.669 6.56677 11.3092 6.70561 10.8885 6.70561C10.4686 6.70561 10.1062 6.56677 9.80487 6.2891C9.50519 6.01143 9.35365 5.67365 9.35365 5.27915C9.35365 4.8855 9.50603 4.54688 9.80487 4.26667C10.1062 3.98561 10.4686 3.84593 10.8885 3.84593C11.3092 3.84593 11.6698 3.98561 11.9678 4.26667C12.2667 4.54688 12.4165 4.8855 12.4165 5.27915C12.4165 5.6745 12.2667 6.01143 11.9678 6.2891Z"
                    fill="currentColor"
                  />
                </svg>
              </mock-styled-span>
            </div>
            <div
              class="el-pn-content"
            >
              You are now authenticated against our sandbox data.
            </div>
          </mock-styled-div>
          <mock-styled-p>
            Your Reapit connectSession object is available via the useReapitConnect hook and will be automatically refreshed unless you logout. This will provide you with an accessToken and login identity information to authenticate against our plaform APIs. For more on this
             
            <a
              href="https://developers.reapit.cloud/api-docs//api/web#connect-session"
              rel="noreferrer noopener"
              target="_blank"
            >
              visit here.
            </a>
          </mock-styled-p>
          <mock-styled-p>
            There is a sample fetch service that pulls Appointment Config Types from Foundations API to demonstrate fetching data using this scaffold, see the ‘Data’ page in the navigation bar. Naturally you can replace this endpoint in the platform-api file with an API of your choosing from the API explorer in the developer portal. For our API explorer
             
            <a
              href="https://developers.reapit.cloud/swagger"
              rel="noreferrer noopener"
              target="_blank"
            >
              visit here.
            </a>
          </mock-styled-p>
          <mock-styled-p>
            Included in the scaffold is the latest version of the Elements UI library. This is the simplest way for you to adhere to the basic style guidelines for Marketplace applications. For more on this
             
            <a
              href="https://developers.reapit.cloud/api-docs/elements"
              rel="noreferrer noopener"
              target="_blank"
            >
              visit here.
               
            </a>
            See also the ‘UI’ page in the navigation bar for examples of how to use Elements components.
          </mock-styled-p>
        </mock-styled-section>
      </mock-styled-main>
    </div>
  </body>,
  "container": <div>
    <mock-styled-main>
      <mock-styled-nav>
        <mock-styled-a>
          <mock-styled-span
            style="font-size: 2.5rem;"
          >
            <svg
              fill="none"
              height="1em"
              viewBox="0 0 40 40"
              width="1em"
              xmlns="http://www.w3.org/2000/svg"
            >
              <path
                d="M3 16.8L20 0L37 16.8V40H3V16.8Z"
                fill="#31448F"
              />
              <path
                d="M3 16.8L20 0L37 16.8V30L3 16.8Z"
                fill="#7BC9EB"
              />
              <path
                d="M37 40H27.0488L12.9512 6.96585L20 0L37 16.8V40Z"
                fill="#0061A8"
              />
              <path
                d="M37 16.8V30L20 23.4829L12.9512 6.96585L20 0L37 16.8Z"
                fill="#23A4DE"
              />
            </svg>
          </mock-styled-span>
          <mock-styled-span
            style="font-size: 2rem;"
          >
            <svg
              fill="none"
              height="1em"
              viewBox="0 0 32 32"
              width="1em"
              xmlns="http://www.w3.org/2000/svg"
            >
              <rect
                fill="#23A4DE"
                height="32"
                rx="4"
                width="32"
              />
              <line
                stroke="white"
                stroke-width="1.5"
                x1="10"
                x2="22"
                y1="12.25"
                y2="12.25"
              />
              <line
                stroke="white"
                stroke-width="1.5"
                x1="10"
                x2="22"
                y1="20.25"
                y2="20.25"
              />
              <line
                stroke="white"
                stroke-width="1.5"
                x1="10"
                x2="22"
                y1="16.25"
                y2="16.25"
              />
            </svg>
          </mock-styled-span>
        </mock-styled-a>
        <mock-styled-a>
          <mock-styled-span>
            <svg
              fill="none"
              height="1em"
              viewBox="0 0 40 40"
              width="1em"
              xmlns="http://www.w3.org/2000/svg"
            >
              <path
                d="M31.5375 16.2002L27.7039 12.3665V7.93803C27.7039 7.1373 27.055 6.48836 26.2531 6.48836C25.453 6.48836 24.8041 7.1373 24.8041 7.93803V9.46685L21.9497 6.61229C20.5384 5.20178 18.0847 5.20428 16.6766 6.61484L7.09105 16.2002C6.52519 16.7672 6.52519 17.6846 7.09105 18.2507C7.65716 18.8175 8.57636 18.8175 9.14227 18.2507L18.7269 8.66509C19.0391 8.35449 19.5895 8.35449 19.9001 8.66417L29.4864 18.2507C29.7706 18.5341 30.1412 18.6751 30.5117 18.6751C30.883 18.6751 31.2542 18.534 31.5376 18.2507C32.1036 17.6846 32.1036 16.7672 31.5375 16.2002Z"
                fill="white"
              />
              <path
                d="M19.8179 11.417C19.5394 11.1387 19.0885 11.1387 18.8108 11.417L10.3794 19.846C10.2462 19.979 10.1708 20.1607 10.1708 20.3503V26.4981C10.1708 27.9407 11.3405 29.1104 12.7831 29.1104H16.9575V22.6456H21.6704V29.1104H25.8448C27.2874 29.1104 28.4571 27.9407 28.4571 26.4981V20.3503C28.4571 20.1607 28.3823 19.979 28.2485 19.846L19.8179 11.417Z"
                fill="white"
              />
              <path
                d="M32.9524 31.5684L28.8021 27.4162L31.83 25.6663C32.0073 25.5637 32.1106 25.3689 32.0958 25.1645C32.081 24.9601 31.9508 24.7821 31.7606 24.7063L18.9691 19.6031C18.7704 19.5238 18.5439 19.5704 18.3926 19.7216C18.2414 19.8727 18.1948 20.0994 18.274 20.2979L23.3748 33.0952C23.4507 33.2856 23.6286 33.4159 23.8331 33.4306C24.0375 33.4457 24.2325 33.3422 24.3349 33.1647L26.0836 30.1362L30.2337 34.2879C30.334 34.3883 30.4701 34.4446 30.612 34.4446C30.7539 34.4446 30.89 34.3882 30.9904 34.2879L32.9524 32.3246C33.1612 32.1158 33.1612 31.7772 32.9524 31.5684Z"
                fill="#23A4DE"
              />
            </svg>
          </mock-styled-span>
          Home
        </mock-styled-a>
        <mock-styled-a>
          <mock-styled-span>
            <svg
              fill="none"
              height="1em"
              viewBox="0 0 40 40"
              width="1em"
              xmlns="http://www.w3.org/2000/svg"
            >
              <path
                d="M28.5686 10.8008C28.2875 9.67542 27.6592 8.65479 26.769 7.89029C25.749 7.01445 24.4479 6.53215 23.105 6.53215C22.0976 6.53215 21.1326 6.79194 20.2809 7.28828C19.3789 6.4634 18.1962 6 16.9535 6C14.288 6 12.1094 8.12485 12.0224 10.7695C11.1009 11.0271 10.2666 11.5514 9.62878 12.2827C8.84534 13.1811 8.41382 14.3317 8.41382 15.5223C8.41382 18.2428 10.6271 20.456 13.3475 20.456H27.1353C29.8558 20.456 32.069 18.2428 32.069 15.5223C32.069 13.3411 30.6223 11.4249 28.5686 10.8008Z"
                fill="white"
              />
              <path
                d="M14.8047 23.3188V26.3285H11.9009C11.5429 25.0676 10.3819 24.1411 9.00781 24.1411C7.3493 24.1411 6 25.4904 6 27.1489C6 28.8074 7.3493 30.1567 9.00781 30.1567C10.382 30.1567 11.543 29.2301 11.9011 27.9691H15.625C16.0778 27.9691 16.4453 27.6021 16.4453 27.1488V23.3188H14.8047Z"
                fill="#23A4DE"
              />
              <path
                d="M20.8203 28.0841V21.8708H19.1797V28.0841C17.9188 28.4422 16.9922 29.6032 16.9922 30.9773C16.9922 32.6358 18.3415 33.9851 20 33.9851C21.6585 33.9851 23.0078 32.6358 23.0078 30.9773C23.0078 29.6032 22.0812 28.4422 20.8203 28.0841Z"
                fill="#23A4DE"
              />
              <path
                d="M30.9922 24.1411C29.6181 24.1411 28.4571 25.0676 28.0991 26.3285H25.1953V23.3188H23.5547V27.1488C23.5547 27.6021 23.9222 27.9691 24.375 27.9691H28.0989C28.457 29.2301 29.618 30.1567 30.9922 30.1567C32.6507 30.1567 34 28.8074 34 27.1489C34 25.4904 32.6507 24.1411 30.9922 24.1411Z"
                fill="#23A4DE"
              />
            </svg>
          </mock-styled-span>
          Data
        </mock-styled-a>
        <mock-styled-a>
          <mock-styled-span>
            <svg
              fill="none"
              height="40"
              viewBox="0 0 40 40"
              width="40"
              xmlns="http://www.w3.org/2000/svg"
            >
              <path
                d="M15.494 32.1284C17.2272 30.3952 17.0365 27.3998 15.0577 25.4692C13.1073 23.5664 10.1259 23.4401 8.44468 25.1864C7.5629 26.1024 7.2028 27.354 7.34433 28.6127C7.34345 28.6048 7.34208 28.5969 7.34126 28.589C7.34472 29.6933 7.79881 29.913 7.00202 30.7098C6.76561 30.9462 6.50581 31.1467 6.22845 31.3117C6.04585 31.4203 6.03261 31.6845 6.19963 31.8531C6.215 31.8686 6.23048 31.8841 6.24602 31.8995C8.88192 34.5169 12.9165 34.7051 15.2533 32.3688C15.4099 32.2124 15.3292 32.2932 15.494 32.1284Z"
                fill="#23A4DE"
              />
              <path
                d="M33.0537 6.86381C31.9789 5.78894 30.2631 5.70713 29.0909 6.67489L17.358 16.361C16.2007 17.3164 15.2479 18.4955 14.5568 19.8277L12.6788 23.4476L16.4699 27.2387L20.0898 25.3607C21.422 24.6696 22.6011 23.7168 23.5566 22.5595L33.2426 10.8266C34.2103 9.65442 34.1285 7.93868 33.0537 6.86381Z"
                fill="white"
              />
              <path
                d="M13.3016 21.0508L12.4945 22.7529C12.2774 23.2109 12.3717 23.7559 12.7301 24.1143L15.8031 27.1874C16.1615 27.5458 16.7066 27.6401 17.1645 27.423L18.8667 26.6159C19.2884 26.4159 19.3849 25.8585 19.0548 25.5285L14.389 20.8626C14.059 20.5326 13.5016 20.6291 13.3016 21.0508Z"
                fill="#23A4DE"
              />
              <path
                d="M15.3899 12.9249C17.0792 12.9249 18.4487 11.5554 18.4487 9.86599C18.4487 8.17663 17.0792 6.80713 15.3899 6.80713C13.7005 6.80713 12.331 8.17663 12.331 9.86599C12.331 11.5554 13.7005 12.9249 15.3899 12.9249Z"
                fill="white"
              />
              <path
                d="M10.1077 19.4749C11.3621 19.4749 12.379 18.458 12.379 17.2036C12.379 15.9492 11.3621 14.9324 10.1077 14.9324C8.85336 14.9324 7.83649 15.9492 7.83649 17.2036C7.83649 18.458 8.85336 19.4749 10.1077 19.4749Z"
                fill="white"
              />
              <path
                d="M28.4021 22.4409C26.0929 22.4465 24.1674 24.0837 23.7165 26.2606C23.6377 26.6411 23.3598 26.951 22.9924 27.0777C21.7908 27.4922 20.9283 28.6339 20.9317 29.9772C20.936 31.6384 22.295 33.0096 23.9562 33.0278C24.8019 33.0371 25.5694 32.7029 26.1283 32.1563C26.4048 31.8859 26.8049 31.7764 27.1786 31.8757C27.5728 31.9805 27.9869 32.0363 28.414 32.0363C31.0637 32.0363 33.2117 29.8883 33.2117 27.2387C33.2118 24.5868 31.054 22.4345 28.4021 22.4409Z"
                fill="#23A4DE"
              />
            </svg>
          </mock-styled-span>
          UI
        </mock-styled-a>
        <mock-styled-div>
          <mock-styled-a>
            <span>
              Table
            </span>
          </mock-styled-a>
          <mock-styled-a>
            <span>
              List
            </span>
          </mock-styled-a>
          <mock-styled-a>
            <span>
              Form
            </span>
          </mock-styled-a>
        </mock-styled-div>
        <mock-styled-a>
          <mock-styled-span>
            <svg
              fill="none"
              height="1em"
              viewBox="0 0 40 40"
              width="1em"
              xmlns="http://www.w3.org/2000/svg"
            >
              <rect
                fill="white"
                height="27"
                width="15"
                x="13.2"
                y="7"
              />
              <path
                d="M23.3583 8.41675H20.4583C20.0577 8.41675 19.7333 8.74107 19.7333 9.14175C19.7333 9.54242 20.0577 9.86675 20.4583 9.86675H23.3583C23.759 9.86675 24.0833 9.54242 24.0833 9.14175C24.0833 8.74107 23.759 8.41675 23.3583 8.41675Z"
                fill="#23A4DE"
              />
              <path
                d="M26.5 6H14.9C13.3011 6 12 7.30115 12 8.9V32.1C12 33.6989 13.3011 35 14.9 35H26.5C28.0989 35 29.4 33.6989 29.4 32.1V8.9C29.4 7.30115 28.0989 6 26.5 6ZM27.95 32.1C27.95 32.9009 27.3009 33.55 26.5 33.55H14.9C14.0991 33.55 13.45 32.9009 13.45 32.1V8.9C13.45 8.0991 14.0991 7.45 14.9 7.45H26.5C27.3009 7.45 27.95 8.0991 27.95 8.9V32.1Z"
                fill="white"
              />
              <path
                d="M20.7 32.5834C21.5008 32.5834 22.15 31.9342 22.15 31.1334C22.15 30.3325 21.5008 29.6833 20.7 29.6833C19.8992 29.6833 19.25 30.3325 19.25 31.1334C19.25 31.9342 19.8992 32.5834 20.7 32.5834Z"
                fill="#23A4DE"
              />
              <path
                d="M18.0417 9.86675C18.4421 9.86675 18.7667 9.54215 18.7667 9.14175C18.7667 8.74134 18.4421 8.41675 18.0417 8.41675C17.6413 8.41675 17.3167 8.74134 17.3167 9.14175C17.3167 9.54215 17.6413 9.86675 18.0417 9.86675Z"
                fill="#23A4DE"
              />
              <path
                d="M34.6411 17.5394C34.4178 16.1104 33.179 15.0137 31.6883 15.0137C31.1275 15.0137 30.5886 15.1688 30.1212 15.4582C29.4101 14.2632 28.13 13.5195 26.7078 13.5195C24.5109 13.5195 22.7234 15.307 22.7234 17.5039C22.7234 17.5175 22.7234 17.5316 22.7239 17.5452C21.312 17.7831 20.2 19.0141 20.2 20.4922C20.2 22.14 21.5737 23.4805 23.2215 23.4805H34.1785C35.8264 23.4805 37.2 22.14 37.2 20.4922C37.2 19.0015 36.07 17.7627 34.6411 17.5394Z"
                fill="#23A4DE"
              />
            </svg>
          </mock-styled-span>
          Apps
        </mock-styled-a>
        <mock-styled-a>
          <mock-styled-span>
            <svg
              fill="none"
              height="1em"
              viewBox="0 0 40 40"
              width="1em"
              xmlns="http://www.w3.org/2000/svg"
            >
              <path
                d="M8.93787 20.9462H23.5727C24.3715 20.9462 25.019 20.2986 25.019 19.4999C25.019 18.7012 24.3715 18.0536 23.5727 18.0536H8.93787L10.8078 16.1838C11.3726 15.6191 11.3726 14.7033 10.8078 14.1385C10.2432 13.5736 9.3274 13.5736 8.76249 14.1385L4.42395 18.477C4.3904 18.5105 4.35877 18.5455 4.32869 18.5821C4.32136 18.5911 4.3151 18.6007 4.30796 18.6099C4.28588 18.6379 4.26419 18.6661 4.24432 18.6958C4.23854 18.7044 4.23381 18.7136 4.22813 18.7224C4.20826 18.7534 4.18879 18.7848 4.17124 18.8174C4.16786 18.8239 4.16507 18.8308 4.16169 18.8372C4.14347 18.8726 4.12592 18.9085 4.11059 18.9455C4.10866 18.95 4.10731 18.9548 4.10548 18.9595C4.08977 18.9984 4.07521 19.0379 4.06286 19.0785C4.06123 19.0836 4.06036 19.0889 4.05891 19.0941C4.04724 19.1339 4.03654 19.1741 4.02835 19.2153C4.02594 19.2275 4.02488 19.2401 4.02266 19.2525C4.01668 19.2866 4.0107 19.3208 4.00733 19.3556C4.00241 19.4033 4 19.4515 4 19.4999C4 19.5483 4.00241 19.5965 4.00733 19.6443C4.0107 19.6796 4.01687 19.714 4.02275 19.7485C4.02488 19.7604 4.02594 19.7727 4.02835 19.7845C4.03664 19.8261 4.04724 19.8667 4.05901 19.9069C4.06045 19.9116 4.06132 19.9166 4.06277 19.9213C4.07521 19.9621 4.08977 20.0019 4.10567 20.0413C4.10741 20.0455 4.10866 20.0501 4.1105 20.0543C4.12592 20.0916 4.14357 20.1277 4.16198 20.1633C4.16516 20.1695 4.16786 20.1761 4.17114 20.1823C4.18888 20.2152 4.20846 20.2468 4.22861 20.2782C4.23401 20.2867 4.23864 20.2956 4.24423 20.3039C4.26419 20.3337 4.28607 20.3621 4.30806 20.3902C4.3151 20.3993 4.32136 20.4088 4.32859 20.4177C4.35877 20.4542 4.3904 20.4893 4.42385 20.5228L8.76239 24.8613C9.0448 25.1438 9.41495 25.285 9.7851 25.285C10.1552 25.285 10.5254 25.1438 10.8077 24.8613C11.3725 24.2965 11.3725 23.3808 10.8077 22.816L8.93787 20.9462Z"
                fill="#23A4DE"
              />
              <path
                d="M23.0147 7C18.7424 7 15.3636 9.27272 13.5179 12.5351C13.0358 13.2355 12.9049 14.2591 13.4244 15.0177C14.2888 16.28 15.8979 16.1383 16.2939 16.1383C19.9152 16.1383 18.246 16.1383 21.8669 16.1383C25.4878 16.1383 26.6356 17.8192 26.6356 19.5001C26.6356 21.181 25.4878 22.8619 21.8669 22.8619C18.6484 22.8619 19.3282 22.8619 16.2939 22.8619C15.3109 22.8619 14.5722 23.4222 13.9983 23.9825C13.4244 24.5428 13.1859 25.7499 13.5352 26.4899C14.7954 29.159 18.7549 31.9999 23.0147 31.9999C30.0745 31.9999 35.8181 26.3925 35.8181 19.4999C35.8181 12.6074 30.0745 7 23.0147 7Z"
                fill="white"
              />
            </svg>
          </mock-styled-span>
          Logout
        </mock-styled-a>
      </mock-styled-nav>
      <mock-styled-section>
        <mock-styled-h1>
          Welcome To Reapit Foundations
        </mock-styled-h1>
        <mock-styled-div>
          <div
            class="el-pn-icon"
            data-testid="close-icon"
          >
            <mock-styled-span>
              <svg
                fill="none"
                height="1em"
                viewBox="0 0 20 20"
                width="1em"
                xmlns="http://www.w3.org/2000/svg"
              >
                <path
                  d="M9.99958 0C4.47746 0 0 4.47746 0 9.99958C0 15.5217 4.47746 20 9.99958 20C15.5217 20 20 15.5217 20 9.99958C20 4.47746 15.5217 0 9.99958 0ZM12.0813 15.498C11.5666 15.7012 11.1568 15.8552 10.8495 15.9619C10.5431 16.0686 10.1867 16.1219 9.78116 16.1219C9.1581 16.1219 8.67302 15.9695 8.32762 15.6656C7.98222 15.3617 7.81037 14.9765 7.81037 14.5084C7.81037 14.3263 7.82307 14.1401 7.84847 13.9505C7.87471 13.7608 7.91619 13.5475 7.97291 13.3079L8.61714 11.0324C8.67386 10.814 8.72296 10.6066 8.7619 10.4135C8.80085 10.2188 8.81947 10.0402 8.81947 9.87767C8.81947 9.58815 8.75937 9.38497 8.64 9.27069C8.51894 9.1564 8.29122 9.10053 7.95175 9.10053C7.78582 9.10053 7.61481 9.12508 7.43958 9.17672C7.26603 9.23005 7.11534 9.27831 6.99175 9.32571L7.1619 8.62476C7.58349 8.45291 7.9873 8.30561 8.37249 8.1837C8.75767 8.06011 9.12169 7.99915 9.46455 7.99915C10.0834 7.99915 10.5608 8.14984 10.8969 8.44783C11.2313 8.74667 11.3998 9.13524 11.3998 9.6127C11.3998 9.71175 11.3879 9.88614 11.3651 10.135C11.3422 10.3848 11.299 10.6125 11.2364 10.8216L10.5956 13.0904C10.5431 13.2724 10.4965 13.4806 10.4542 13.7134C10.4127 13.9462 10.3924 14.124 10.3924 14.2434C10.3924 14.5448 10.4593 14.7505 10.5947 14.8597C10.7285 14.9689 10.963 15.0239 11.2948 15.0239C11.4514 15.0239 11.6267 14.996 11.8248 14.9418C12.0212 14.8876 12.1634 14.8394 12.2531 14.7979L12.0813 15.498ZM11.9678 6.2891C11.669 6.56677 11.3092 6.70561 10.8885 6.70561C10.4686 6.70561 10.1062 6.56677 9.80487 6.2891C9.50519 6.01143 9.35365 5.67365 9.35365 5.27915C9.35365 4.8855 9.50603 4.54688 9.80487 4.26667C10.1062 3.98561 10.4686 3.84593 10.8885 3.84593C11.3092 3.84593 11.6698 3.98561 11.9678 4.26667C12.2667 4.54688 12.4165 4.8855 12.4165 5.27915C12.4165 5.6745 12.2667 6.01143 11.9678 6.2891Z"
                  fill="currentColor"
                />
              </svg>
            </mock-styled-span>
          </div>
          <div
            class="el-pn-content"
          >
            You are now authenticated against our sandbox data.
          </div>
        </mock-styled-div>
        <mock-styled-p>
          Your Reapit connectSession object is available via the useReapitConnect hook and will be automatically refreshed unless you logout. This will provide you with an accessToken and login identity information to authenticate against our plaform APIs. For more on this
           
          <a
            href="https://developers.reapit.cloud/api-docs//api/web#connect-session"
            rel="noreferrer noopener"
            target="_blank"
          >
            visit here.
          </a>
        </mock-styled-p>
        <mock-styled-p>
          There is a sample fetch service that pulls Appointment Config Types from Foundations API to demonstrate fetching data using this scaffold, see the ‘Data’ page in the navigation bar. Naturally you can replace this endpoint in the platform-api file with an API of your choosing from the API explorer in the developer portal. For our API explorer
           
          <a
            href="https://developers.reapit.cloud/swagger"
            rel="noreferrer noopener"
            target="_blank"
          >
            visit here.
          </a>
        </mock-styled-p>
        <mock-styled-p>
          Included in the scaffold is the latest version of the Elements UI library. This is the simplest way for you to adhere to the basic style guidelines for Marketplace applications. For more on this
           
          <a
            href="https://developers.reapit.cloud/api-docs/elements"
            rel="noreferrer noopener"
            target="_blank"
          >
            visit here.
             
          </a>
          See also the ‘UI’ page in the navigation bar for examples of how to use Elements components.
        </mock-styled-p>
      </mock-styled-section>
    </mock-styled-main>
  </div>,
  "debug": [Function],
  "findAllByAltText": [Function],
  "findAllByDisplayValue": [Function],
  "findAllByLabelText": [Function],
  "findAllByPlaceholderText": [Function],
  "findAllByRole": [Function],
  "findAllByTestId": [Function],
  "findAllByText": [Function],
  "findAllByTitle": [Function],
  "findByAltText": [Function],
  "findByDisplayValue": [Function],
  "findByLabelText": [Function],
  "findByPlaceholderText": [Function],
  "findByRole": [Function],
  "findByTestId": [Function],
  "findByText": [Function],
  "findByTitle": [Function],
  "getAllByAltText": [Function],
  "getAllByDisplayValue": [Function],
  "getAllByLabelText": [Function],
  "getAllByPlaceholderText": [Function],
  "getAllByRole": [Function],
  "getAllByTestId": [Function],
  "getAllByText": [Function],
  "getAllByTitle": [Function],
  "getByAltText": [Function],
  "getByDisplayValue": [Function],
  "getByLabelText": [Function],
  "getByPlaceholderText": [Function],
  "getByRole": [Function],
  "getByTestId": [Function],
  "getByText": [Function],
  "getByTitle": [Function],
  "queryAllByAltText": [Function],
  "queryAllByDisplayValue": [Function],
  "queryAllByLabelText": [Function],
  "queryAllByPlaceholderText": [Function],
  "queryAllByRole": [Function],
  "queryAllByTestId": [Function],
  "queryAllByText": [Function],
  "queryAllByTitle": [Function],
  "queryByAltText": [Function],
  "queryByDisplayValue": [Function],
  "queryByLabelText": [Function],
  "queryByPlaceholderText": [Function],
  "queryByRole": [Function],
  "queryByTestId": [Function],
  "queryByText": [Function],
  "queryByTitle": [Function],
  "rerender": [Function],
  "unmount": [Function],
}
`;
